---
source: libs/braillify/tests/coverage_extra2.rs
expression: rendered
---
input  = "$\\begin{vmatrix} a_{11} & a_{12} & a_{13} \\\\ a_{21} & a_{22} & a_{23} \\\\ a_{31} & a_{32} & a_{33} \\end{vmatrix}$"
unicode = ok: "⠳⠁⠰⠼⠁⠼⠁⠀⠁⠰⠼⠁⠼⠃⠀⠁⠰⠼⠁⠼⠉⠀⠜⠀⠁⠰⠼⠃⠼⠁⠀⠁⠰⠼⠃⠼⠃⠀⠁⠰⠼⠃⠼⠉⠀⠜⠀⠁⠰⠼⠉⠼⠁⠀⠁⠰⠼⠉⠼⠃⠀⠁⠰⠼⠉⠼⠉⠳"
bytes   = ok: [51, 1, 48, 60, 1, 60, 1, 0, 1, 48, 60, 1, 60, 3, 0, 1, 48, 60, 1, 60, 9, 0, 28, 0, 1, 48, 60, 3, 60, 1, 0, 1, 48, 60, 3, 60, 3, 0, 1, 48, 60, 3, 60, 9, 0, 28, 0, 1, 48, 60, 9, 60, 1, 0, 1, 48, 60, 9, 60, 3, 0, 1, 48, 60, 9, 60, 9, 51]
