---
source: libs/braillify/tests/coverage_extra.rs
expression: rendered
---
input  = "$\\begin{matrix} 1 \\\\ 2 \\\\ 3 \\end{matrix}$"
unicode = ok: "⠴⠈⠎⠸⠡⠆⠛⠊⠝⠦⠂⠍⠁⠞⠗⠊⠭⠐⠴⠀⠼⠁⠀⠸⠡⠸⠡⠀⠼⠃⠀⠸⠡⠸⠡⠀⠼⠉⠀⠸⠡⠢⠙⠦⠂⠍⠁⠞⠗⠊⠭⠐⠴⠴⠈⠎"
bytes   = ok: [52, 8, 14, 56, 33, 6, 27, 10, 29, 38, 2, 13, 1, 30, 23, 10, 45, 16, 52, 0, 60, 1, 0, 56, 33, 56, 33, 0, 60, 3, 0, 56, 33, 56, 33, 0, 60, 9, 0, 56, 33, 34, 25, 38, 2, 13, 1, 30, 23, 10, 45, 16, 52, 52, 8, 14]
